00000000-00000fff : reserved
00001000-00057fff : System RAM
00058000-00058fff : reserved
00059000-0009ffff : System RAM
000a0000-000bffff : PCI Bus 0000:00
000f0000-000fffff : System ROM
00100000-7cf24fff : System RAM
  01000000-015692e7 : Kernel code
  015692e8-01c2392f : Kernel data
  01d82000-02052a63 : Kernel bss
  03000000-0b2fffff : System RAM
7cf25000-84f2cfff : reserved
84f2d000-8d480fff : System RAM
8d481000-8d481fff : ACPI Non-volatile Storage
8d482000-8d4cbfff : reserved
8d4cc000-8d613fff : System RAM
8d614000-8ef69fff : reserved
  8e2e3018-8e2e3067 : APEI ERST
  8e2e3070-8e2e3077 : APEI ERST
  8e2e3078-8e2e5017 : APEI ERST
8ef6a000-8ef99fff : ACPI Non-volatile Storage
8ef9a000-8efe6fff : ACPI Tables
8efe7000-8effffff : System RAM
8f000000-8fffffff : RAM buffer
90000000-dfffffff : PCI Bus 0000:00
  90000000-9001ffff : pnp 00:0c
  90100000-901fffff : PCI Bus 0000:01
    90100000-9011ffff : 0000:01:00.0
  90200000-902fffff : PCI Bus 0000:03
  91000000-91ffffff : PCI Bus 0000:04
    91000000-91ffffff : PCI Bus 0000:05
      91000000-91ffffff : PCI Bus 0000:06
        91000000-91ffffff : PCI Bus 0000:07
          91000000-91ffffff : 0000:07:00.0
          91000000-912fffff : efifb
  92000000-929fffff : PCI Bus 0000:04
    92000000-929fffff : PCI Bus 0000:05
      92000000-928fffff : PCI Bus 0000:06
        92000000-928fffff : PCI Bus 0000:07
          92000000-927fffff : 0000:07:00.0
          92800000-92803fff : 0000:07:00.0
  92a00000-92afffff : PCI Bus 0000:03
    92a00000-92a0ffff : 0000:03:00.1
      92a00000-92a0ffff : tg3
    92a10000-92a1ffff : 0000:03:00.1
      92a10000-92a1ffff : tg3
    92a20000-92a2ffff : 0000:03:00.1
      92a20000-92a2ffff : tg3
    92a30000-92a3ffff : 0000:03:00.0
      92a30000-92a3ffff : tg3
    92a40000-92a4ffff : 0000:03:00.0
      92a40000-92a4ffff : tg3
    92a50000-92a5ffff : 0000:03:00.0
      92a50000-92a5ffff : tg3
    92a80000-92abffff : 0000:03:00.0
    92ac0000-92afffff : 0000:03:00.1
  92b00000-92cfffff : PCI Bus 0000:01
    92b00000-92bfffff : 0000:01:00.0
    92c00000-92c0ffff : 0000:01:00.0
      92c00000-92c0ffff : megasas: LSI
  92d00000-92d0ffff : 0000:00:14.0
    92d00000-92d0ffff : xhci_hcd
  92d10000-92d13fff : 0000:00:1f.2
  92d14000-92d15fff : 0000:00:17.0
    92d14000-92d15fff : ahci
  92d16000-92d167ff : 0000:00:17.0
    92d16000-92d167ff : ahci
  92d17000-92d170ff : 0000:00:17.0
    92d17000-92d170ff : ahci
e0000000-efffffff : PCI MMCONFIG 0 [00-ff]
  e00fa000-e00fafff : reserved
  e00fd000-e00fdfff : reserved
fd000000-fe7fffff : PCI Bus 0000:00
  fd000000-fdabffff : pnp 00:01
  fdad0000-fdadffff : pnp 00:01
  fdc00000-fdcfffff : reserved
    fdc6000c-fdc6000f : iTCO_wdt
      fdc6000c-fdc6000f : iTCO_wdt
  fe000000-fe010fff : reserved
  fe036000-fe03bfff : pnp 00:01
  fe03d000-fe3fffff : pnp 00:01
  fe410000-fe7fffff : pnp 00:01
fec00000-fec003ff : IOAPIC 0
fed00000-fed003ff : HPET 0
fed10000-fed17fff : pnp 00:0c
fed18000-fed18fff : pnp 00:0c
fed19000-fed19fff : pnp 00:0c
fed20000-fed3ffff : pnp 00:0c
fed45000-fed8ffff : pnp 00:0c
fed90000-fed90fff : dmar0
fee00000-feefffff : pnp 00:0c
  fee00000-fee00fff : Local APIC
ff400000-ffffffff : reserved
100000000-86fffffff : System RAM
2000000000-2fffffffff : PCI Bus 0000:00
  2ffff00000-2ffff000ff : 0000:00:1f.4
  2ffff01000-2ffff01fff : 0000:00:16.1
  2ffff02000-2ffff02fff : 0000:00:16.0
  2ffff03000-2ffff03fff : 0000:00:14.2
